
   WARN  Metadata found in doc-comment for method Tests\Feature\Teacher\TeacherWorkflowTest::it_redirects_root_teacher_url_to_dashboard(). Metadata in doc-comments is deprecated and will no longer be supported in PHPUnit 12. Update your test code to use attributes instead.

   WARN  Metadata found in doc-comment for method Tests\Feature\Teacher\TeacherWorkflowTest::class_teacher_can_enter_results_for_subject_not_directly_assigned(). Metadata in doc-comments is deprecated and will no longer be supported in PHPUnit 12. Update your test code to use attributes instead.

   WARN  Metadata found in doc-comment for method Tests\Feature\Teacher\TeacherWorkflowTest::non_class_teacher_cannot_enter_results_for_unassigned_subject(). Metadata in doc-comments is deprecated and will no longer be supported in PHPUnit 12. Update your test code to use attributes instead.

   WARN  Metadata found in doc-comment for method Tests\Feature\Teacher\TeacherWorkflowTest::teacher_results_page_displays_results_correctly(). Metadata in doc-comments is deprecated and will no longer be supported in PHPUnit 12. Update your test code to use attributes instead.

   FAIL  Tests\Feature\Teacher\TeacherWorkflowTest
  Γ£ô it redirects root teΓÇª 1.33s  
  Γ£ô class teacher can enΓÇª 0.36s  
  Γ£ô non class teacher caΓÇª 0.25s  
  Γ¿» teacher results pageΓÇª 0.70s  
  ΓöÇΓöÇΓöÇΓöÇΓöÇΓöÇΓöÇΓöÇΓöÇΓöÇΓöÇΓöÇΓöÇΓöÇΓöÇΓöÇΓöÇΓöÇΓöÇΓöÇΓöÇΓöÇΓöÇΓöÇΓöÇΓöÇΓöÇΓöÇΓöÇ  
   FAILED  Tests\Feature\TeacΓÇª   
  Property [results.data] does not have the expected size.
Failed asserting that actual size 16 matches expected size 1.

  at tests\Feature\Teacher\TeacherWorkflowTest.php:145
    141Γûò         
    142Γûò         // Assert Inertia response structure and data
    143Γûò         $response->assertInertia(fn (Assert $page) => $page
    144Γûò             ->component('Teacher/Results/Index')
  Γ₧£ 145Γûò             ->has('results.data', 1)
    146Γûò             ->where('results.data.0.id', $result->id)
    147Γûò             ->where('results.data.0.total_score', 80)
    148Γûò             // Verify nested data structure needed for the DataTable
    149Γûò             ->where('results.data.0.student.user.name', $this->student->user->name)

  1   vendor\inertiajs\inertia-laravel\src\Testing\TestResponseMacros.php:19
  2   vendor\laravel\framework\src\Illuminate\Macroable\Traits\Macroable.php:126


  Tests:    1 failed, 3 passed (19 assertions)
  Duration: 3.02s

